Component: ARM Compiler 5.06 update 7 (build 960) Tool: armlink [4d3601]

==============================================================================

Section Cross References

    main.o(.text) refers to sys.o(.text) for MY_NVIC_PriorityGroupConfig
    main.o(.text) refers to delay.o(.text) for delay_init
    main.o(.text) refers to led.o(.text) for LED_Init
    main.o(.text) refers to key.o(.text) for KEY_Init
    main.o(.text) refers to motor.o(.text) for MiniBalance_PWM_Init
    main.o(.text) refers to line.o(.text) for Stop
    main.o(.text) refers to oled.o(.text) for OLED_Init
    main.o(.text) refers to usart.o(.text) for uart_init
    main.o(.text) refers to usartx.o(.text) for uart3_init
    main.o(.text) refers to encoder.o(.text) for Encoder_Init_TIM2
    main.o(.text) refers to adc.o(.text) for Adc_Init
    main.o(.text) refers to ioi2c.o(.text) for IIC_Init
    main.o(.text) refers to mpu6050.o(.text) for MPU6050_initialize
    main.o(.text) refers to exti.o(.text) for MiniBalance_EXTI_Init
    main.o(.text) refers to dflt_clz.o(x$fpl$dflt) for __aeabi_i2d
    main.o(.text) refers to dmul.o(x$fpl$dmul) for __aeabi_dmul
    main.o(.text) refers to drleqf.o(x$fpl$drleqf) for __aeabi_cdrcmple
    main.o(.text) refers to dleqf.o(x$fpl$dleqf) for __aeabi_cdcmple
    main.o(.text) refers to d2f.o(x$fpl$d2f) for __aeabi_d2f
    main.o(.text) refers to usart.o(.data) for fpga_done
    main.o(.text) refers to main.o(.data) for Move_Y
    system_stm32f10x.o(.text) refers to system_stm32f10x.o(.data) for SystemCoreClock
    startup_stm32f10x_hd.o(STACK) refers (Special) to heapauxi.o(.text) for __use_two_region_memory
    startup_stm32f10x_hd.o(HEAP) refers (Special) to heapauxi.o(.text) for __use_two_region_memory
    startup_stm32f10x_hd.o(RESET) refers (Special) to heapauxi.o(.text) for __use_two_region_memory
    startup_stm32f10x_hd.o(RESET) refers to startup_stm32f10x_hd.o(STACK) for __initial_sp
    startup_stm32f10x_hd.o(RESET) refers to startup_stm32f10x_hd.o(.text) for Reset_Handler
    startup_stm32f10x_hd.o(RESET) refers to stm32f10x_it.o(.text) for NMI_Handler
    startup_stm32f10x_hd.o(RESET) refers to encoder.o(.text) for TIM1_UP_IRQHandler
    startup_stm32f10x_hd.o(RESET) refers to usart.o(.text) for USART1_IRQHandler
    startup_stm32f10x_hd.o(RESET) refers to control.o(.text) for EXTI15_10_IRQHandler
    startup_stm32f10x_hd.o(.text) refers (Special) to heapauxi.o(.text) for __use_two_region_memory
    startup_stm32f10x_hd.o(.text) refers to system_stm32f10x.o(.text) for SystemInit
    startup_stm32f10x_hd.o(.text) refers to __main.o(!!!main) for __main
    startup_stm32f10x_hd.o(.text) refers to startup_stm32f10x_hd.o(HEAP) for Heap_Mem
    startup_stm32f10x_hd.o(.text) refers to startup_stm32f10x_hd.o(STACK) for Stack_Mem
    stm32f10x_adc.o(.text) refers to stm32f10x_rcc.o(.text) for RCC_APB2PeriphResetCmd
    stm32f10x_bkp.o(.text) refers to stm32f10x_rcc.o(.text) for RCC_BackupResetCmd
    stm32f10x_can.o(.text) refers to stm32f10x_rcc.o(.text) for RCC_APB1PeriphResetCmd
    stm32f10x_cec.o(.text) refers to stm32f10x_rcc.o(.text) for RCC_APB1PeriphResetCmd
    stm32f10x_dac.o(.text) refers to stm32f10x_rcc.o(.text) for RCC_APB1PeriphResetCmd
    stm32f10x_gpio.o(.text) refers to stm32f10x_rcc.o(.text) for RCC_APB2PeriphResetCmd
    stm32f10x_i2c.o(.text) refers to stm32f10x_rcc.o(.text) for RCC_APB1PeriphResetCmd
    stm32f10x_pwr.o(.text) refers to stm32f10x_rcc.o(.text) for RCC_APB1PeriphResetCmd
    stm32f10x_rcc.o(.text) refers to stm32f10x_rcc.o(.data) for APBAHBPrescTable
    stm32f10x_spi.o(.text) refers to stm32f10x_rcc.o(.text) for RCC_APB2PeriphResetCmd
    stm32f10x_tim.o(.text) refers to stm32f10x_rcc.o(.text) for RCC_APB2PeriphResetCmd
    stm32f10x_usart.o(.text) refers to stm32f10x_rcc.o(.text) for RCC_APB2PeriphResetCmd
    stm32f10x_wwdg.o(.text) refers to stm32f10x_rcc.o(.text) for RCC_APB1PeriphResetCmd
    delay.o(.text) refers to misc.o(.text) for SysTick_CLKSourceConfig
    delay.o(.text) refers to system_stm32f10x.o(.data) for SystemCoreClock
    delay.o(.text) refers to delay.o(.data) for fac_us
    usart.o(.text) refers (Special) to use_no_semi_2.o(.text) for __use_no_semihosting
    usart.o(.text) refers to stm32f10x_rcc.o(.text) for RCC_APB2PeriphClockCmd
    usart.o(.text) refers to stm32f10x_gpio.o(.text) for GPIO_Init
    usart.o(.text) refers to misc.o(.text) for NVIC_Init
    usart.o(.text) refers to stm32f10x_usart.o(.text) for USART_Init
    usart.o(.text) refers to usart.o(.data) for num
    usart.o(.text) refers to usart.o(.bss) for openmvdata
    usart.o(.bss) refers (Special) to use_no_semi_2.o(.text) for __use_no_semihosting
    usart.o(.data) refers (Special) to use_no_semi_2.o(.text) for __use_no_semihosting
    sys.o(.text) refers to sys.o(.emb_text) for WFI_SET
    led.o(.text) refers to stm32f10x_rcc.o(.text) for RCC_APB2PeriphClockCmd
    led.o(.text) refers to stm32f10x_gpio.o(.text) for GPIO_Init
[...]
    USART_SetAddress                         0x080027cf   Thumb Code    18  stm32f10x_usart.o(.text)
    USART_WakeUpConfig                       0x080027e1   Thumb Code    18  stm32f10x_usart.o(.text)
    USART_ReceiverWakeUpCmd                  0x080027f3   Thumb Code    24  stm32f10x_usart.o(.text)
    USART_LINBreakDetectLengthConfig         0x0800280b   Thumb Code    18  stm32f10x_usart.o(.text)
    USART_LINCmd                             0x0800281d   Thumb Code    24  stm32f10x_usart.o(.text)
    USART_SendData                           0x08002835   Thumb Code     8  stm32f10x_usart.o(.text)
    USART_ReceiveData                        0x0800283d   Thumb Code    10  stm32f10x_usart.o(.text)
    USART_SendBreak                          0x08002847   Thumb Code    10  stm32f10x_usart.o(.text)
    USART_SetGuardTime                       0x08002851   Thumb Code    16  stm32f10x_usart.o(.text)
    USART_SetPrescaler                       0x08002861   Thumb Code    16  stm32f10x_usart.o(.text)
    USART_SmartCardCmd                       0x08002871   Thumb Code    24  stm32f10x_usart.o(.text)
    USART_SmartCardNACKCmd                   0x08002889   Thumb Code    24  stm32f10x_usart.o(.text)
    USART_HalfDuplexCmd                      0x080028a1   Thumb Code    24  stm32f10x_usart.o(.text)
    USART_OverSampling8Cmd                   0x080028b9   Thumb Code    22  stm32f10x_usart.o(.text)
    USART_OneBitMethodCmd                    0x080028cf   Thumb Code    24  stm32f10x_usart.o(.text)
    USART_IrDAConfig                         0x080028e7   Thumb Code    18  stm32f10x_usart.o(.text)
    USART_IrDACmd                            0x080028f9   Thumb Code    24  stm32f10x_usart.o(.text)
    USART_GetFlagStatus                      0x08002911   Thumb Code    26  stm32f10x_usart.o(.text)
    USART_ClearFlag                          0x0800292b   Thumb Code    18  stm32f10x_usart.o(.text)
    USART_GetITStatus                        0x0800293d   Thumb Code    84  stm32f10x_usart.o(.text)
    USART_ClearITPendingBit                  0x08002991   Thumb Code    52  stm32f10x_usart.o(.text)
    delay_init                               0x080029c5   Thumb Code    50  delay.o(.text)
    delay_us                                 0x080029f7   Thumb Code    72  delay.o(.text)
    delay_ms                                 0x08002a3f   Thumb Code    72  delay.o(.text)
    _sys_exit                                0x08002a99   Thumb Code     6  usart.o(.text)
    fputc                                    0x08002a9f   Thumb Code    24  usart.o(.text)
    usart1_send                              0x08002ab7   Thumb Code    22  usart.o(.text)
    uart_init                                0x08002acd   Thumb Code   164  usart.o(.text)
    Pow_16                                   0x08002b71   Thumb Code    20  usart.o(.text)
    USART1_IRQHandler                        0x08002b85   Thumb Code   440  usart.o(.text)
    Openmv_Decode                            0x08002d3d   Thumb Code  2108  usart.o(.text)
    usart2_send                              0x08003579   Thumb Code    28  usart.o(.text)
    uart2_init                               0x08003595   Thumb Code   160  usart.o(.text)
    USART2_IRQHandler                        0x08003635   Thumb Code    42  usart.o(.text)
    MY_NVIC_SetVectorTable                   0x08003681   Thumb Code    12  sys.o(.text)
    MY_NVIC_PriorityGroupConfig              0x0800368d   Thumb Code    36  sys.o(.text)
    MY_NVIC_Init                             0x080036b1   Thumb Code   116  sys.o(.text)
    Ex_NVIC_Config                           0x08003725   Thumb Code   146  sys.o(.text)
    MYRCC_DeInit                             0x080037b7   Thumb Code    90  sys.o(.text)
    Sys_Standby                              0x08003811   Thumb Code    68  sys.o(.text)
    Sys_Soft_Reset                           0x08003855   Thumb Code    12  sys.o(.text)
    JTAG_Set                                 0x08003861   Thumb Code    42  sys.o(.text)
    Stm32_Clock_Init                         0x0800388b   Thumb Code   134  sys.o(.text)
    LED_Init                                 0x0800393d   Thumb Code    40  led.o(.text)
    Led_Flash                                0x08003965   Thumb Code    44  led.o(.text)
    gpio_init                                0x08003991   Thumb Code    84  led.o(.text)
    KEY_Init                                 0x08003a01   Thumb Code    56  key.o(.text)
    click_N_Double                           0x08003a39   Thumb Code   184  key.o(.text)
    click                                    0x08003af1   Thumb Code    38  key.o(.text)
    Long_Press                               0x08003b17   Thumb Code    72  key.o(.text)
    select                                   0x08003b5f   Thumb Code   218  key.o(.text)
    OLED_WR_Byte                             0x08003c81   Thumb Code    82  oled.o(.text)
    OLED_Refresh_Gram                        0x08003cd3   Thumb Code    70  oled.o(.text)
    OLED_Display_On                          0x08003d19   Thumb Code    28  oled.o(.text)
    OLED_Display_Off                         0x08003d35   Thumb Code    28  oled.o(.text)
    OLED_Clear                               0x08003d51   Thumb Code    42  oled.o(.text)
    OLED_DrawPoint                           0x08003d7b   Thumb Code   100  oled.o(.text)
    OLED_ShowChar                            0x08003ddf   Thumb Code   158  oled.o(.text)
    oled_pow                                 0x08003e7d   Thumb Code    22  oled.o(.text)
    OLED_ShowNumber                          0x08003e93   Thumb Code   148  oled.o(.text)
    OLED_ShowString                          0x08003f27   Thumb Code    68  oled.o(.text)
    OLED_Init                                0x08003f6b   Thumb Code   324  oled.o(.text)
    Dly_us                                   0x080040b1   Thumb Code    12  adc.o(.text)
    Adc_Init                                 0x080040bd   Thumb Code   132  adc.o(.text)
    ccd_Init                                 0x08004141   Thumb Code     2  adc.o(.text)
    ele_Init                                 0x08004143   Thumb Code     2  adc.o(.text)
    Get_Adc                                  0x08004145   Thumb Code    46  adc.o(.text)
    Get_battery_volt                         0x08004173   Thumb Code    78  adc.o(.text)
    MiniBalance_Motor_Init                   0x080041d9   Thumb Code    64  motor.o(.text)
    MiniBalance_PWM_Init                     0x08004219   Thumb Code   196  motor.o(.text)
    Encoder_Init_TIM2                        0x080042e9   Thumb Code   200  encoder.o(.text)
    Encoder_Init_TIM3                        0x080043b1   Thumb Code   148  encoder.o(.text)
    Encoder_Init_TIM4                        0x08004445   Thumb Code   148  encoder.o(.text)
    Encoder_Init_TIM5                        0x080044d9   Thumb Code   148  encoder.o(.text)
    Read_Encoder                             0x0800456d   Thumb Code   100  encoder.o(.text)
    TIM2_IRQHandler                          0x080045d1   Thumb Code    24  encoder.o(.text)
    TIM3_IRQHandler                          0x080045e9   Thumb Code    24  encoder.o(.text)
    TIM4_IRQHandler                          0x08004601   Thumb Code    24  encoder.o(.text)
    TIM5_IRQHandler                          0x08004619   Thumb Code    24  encoder.o(.text)
    Init_TIM1                                0x08004631   Thumb Code   154  encoder.o(.text)
    TIM1_UP_IRQHandler                       0x080046cb   Thumb Code    66  encoder.o(.text)
    IIC_Init                                 0x0800470d   Thumb Code    40  ioi2c.o(.text)
    IIC_Start                                0x08004735   Thumb Code    96  ioi2c.o(.text)
    IIC_Stop                                 0x08004795   Thumb Code    68  ioi2c.o(.text)
    IIC_Wait_Ack                             0x080047d9   Thumb Code    96  ioi2c.o(.text)
    IIC_Ack                                  0x08004839   Thumb Code    72  ioi2c.o(.text)
    IIC_NAck                                 0x08004881   Thumb Code    70  ioi2c.o(.text)
    IIC_Send_Byte                            0x080048c7   Thumb Code    94  ioi2c.o(.text)
    i2cWrite                                 0x08004925   Thumb Code    96  ioi2c.o(.text)
    IIC_Read_Byte                            0x08004985   Thumb Code   104  ioi2c.o(.text)
    i2cRead                                  0x080049ed   Thumb Code   118  ioi2c.o(.text)
    I2C_ReadOneByte                          0x08004a63   Thumb Code    70  ioi2c.o(.text)
    IICreadBytes                             0x08004aa9   Thumb Code   112  ioi2c.o(.text)
    IICwriteBytes                            0x08004b19   Thumb Code    70  ioi2c.o(.text)
    IICreadByte                              0x08004b5f   Thumb Code    22  ioi2c.o(.text)
    IICwriteByte                             0x08004b75   Thumb Code    20  ioi2c.o(.text)
    IICwriteBits                             0x08004b89   Thumb Code   106  ioi2c.o(.text)
    IICwriteBit                              0x08004bf3   Thumb Code    64  ioi2c.o(.text)
    MiniBalance_EXTI_Init                    0x08004c35   Thumb Code   106  exti.o(.text)
    usart3_send                              0x08004ca5   Thumb Code    22  usartx.o(.text)
    uart3_init                               0x08004cbb   Thumb Code   198  usartx.o(.text)
    MYDMA_Init                               0x08004d91   Thumb Code    82  dma.o(.text)
    MYDMA_Enable                             0x08004de3   Thumb Code    32  dma.o(.text)
    MYDMA_Init2                              0x08004e03   Thumb Code    82  dma.o(.text)
    MYDMA_Enable2                            0x08004e55   Thumb Code    34  dma.o(.text)
    MYDMA_Enable3                            0x08004e77   Thumb Code    34  dma.o(.text)
    MYDMA_Init3                              0x08004e99   Thumb Code    90  dma.o(.text)
    USART_SendBuffer                         0x08004ef3   Thumb Code    74  dma.o(.text)
    DMA_printf                               0x08004f3d   Thumb Code    40  dma.o(.text)
    function                                 0x08004f7d   Thumb Code   342  line.o(.text)
    Stop                                     0x080050d3   Thumb Code    16  line.o(.text)
    Translation                              0x080050e3   Thumb Code    52  line.o(.text)
    StraightBack                             0x08005117   Thumb Code    56  line.o(.text)
    function_back                            0x0800514f   Thumb Code   494  line.o(.text)
    Kinematic_Analysis                       0x08005385   Thumb Code   166  control.o(.text)
    Set_Pwm                                  0x0800542b   Thumb Code   168  control.o(.text)
    Xianfu_Pwm                               0x080054d3   Thumb Code   114  control.o(.text)
    Incremental_PI_D                         0x08005545   Thumb Code   146  control.o(.text)
    Incremental_PI_C                         0x080055d7   Thumb Code   146  control.o(.text)
    Incremental_PI_B                         0x08005669   Thumb Code   146  control.o(.text)
    Incremental_PI_A                         0x080056fb   Thumb Code   256  control.o(.text)
    Get_RC                                   0x080057fb   Thumb Code    20  control.o(.text)
    Key                                      0x0800580f   Thumb Code    52  control.o(.text)
    EXTI15_10_IRQHandler                     0x08005843   Thumb Code   420  control.o(.text)
    Turn_Off                                 0x080059e7   Thumb Code    58  control.o(.text)
    myabs                                    0x08005a21   Thumb Code    14  control.o(.text)
    mpu_reg_dump                             0x08005b57   Thumb Code    72  inv_mpu.o(.text)
    mpu_read_reg                             0x08005b9f   Thumb Code    66  inv_mpu.o(.text)
    mpu_set_int_latched                      0x08005be1   Thumb Code   102  inv_mpu.o(.text)
    mpu_set_sensors                          0x08005c47   Thumb Code   202  inv_mpu.o(.text)
    mpu_set_bypass                           0x08005d11   Thumb Code   328  inv_mpu.o(.text)
    mpu_reset_fifo                           0x08005e59   Thumb Code   444  inv_mpu.o(.text)
    mpu_configure_fifo                       0x08006015   Thumb Code   106  inv_mpu.o(.text)
    mpu_set_lpf                              0x0800607f   Thumb Code   126  inv_mpu.o(.text)
    mpu_lp_accel_mode                        0x080060fd   Thumb Code   218  inv_mpu.o(.text)
    mpu_set_sample_rate                      0x080061d7   Thumb Code   152  inv_mpu.o(.text)
    mpu_set_accel_fsr                        0x0800626f   Thumb Code   132  inv_mpu.o(.text)
    mpu_set_gyro_fsr                         0x080062f3   Thumb Code   132  inv_mpu.o(.text)
    mpu_init                                 0x08006377   Thumb Code   416  inv_mpu.o(.text)
    myget_ms                                 0x08006517   Thumb Code     2  inv_mpu.o(.text)
    mpu_get_gyro_reg                         0x08006519   Thumb Code   110  inv_mpu.o(.text)
    mpu_get_accel_reg                        0x08006587   Thumb Code   110  inv_mpu.o(.text)
    mpu_get_temperature                      0x080065f5   Thumb Code   150  inv_mpu.o(.text)
    mpu_set_accel_bias                       0x0800668b   Thumb Code   468  inv_mpu.o(.text)
    mpu_get_gyro_fsr                         0x0800685f   Thumb Code    64  inv_mpu.o(.text)
    mpu_get_accel_fsr                        0x0800689f   Thumb Code    72  inv_mpu.o(.text)
    mpu_get_lpf                              0x080068e7   Thumb Code    74  inv_mpu.o(.text)
    mpu_get_sample_rate                      0x08006931   Thumb Code    26  inv_mpu.o(.text)
    mpu_get_compass_sample_rate              0x0800694b   Thumb Code    10  inv_mpu.o(.text)
    mpu_set_compass_sample_rate              0x08006955   Thumb Code     8  inv_mpu.o(.text)
    mpu_get_gyro_sens                        0x0800695d   Thumb Code    58  inv_mpu.o(.text)
    mpu_get_accel_sens                       0x08006997   Thumb Code    78  inv_mpu.o(.text)
    mpu_get_fifo_config                      0x080069e5   Thumb Code    12  inv_mpu.o(.text)
    mpu_get_power_state                      0x080069f1   Thumb Code    22  inv_mpu.o(.text)
    mpu_get_int_status                       0x08006a07   Thumb Code    64  inv_mpu.o(.text)
    mpu_read_fifo                            0x08006a47   Thumb Code   520  inv_mpu.o(.text)
    mpu_read_fifo_stream                     0x08006c4f   Thumb Code   186  inv_mpu.o(.text)
    mpu_set_int_level                        0x08006d09   Thumb Code    12  inv_mpu.o(.text)
    mpu_set_dmp_state                        0x080073e7   Thumb Code   138  inv_mpu.o(.text)
    mpu_run_self_test                        0x08007471   Thumb Code   278  inv_mpu.o(.text)
    mpu_write_mem                            0x08007587   Thumb Code   122  inv_mpu.o(.text)
    mpu_read_mem                             0x08007601   Thumb Code   122  inv_mpu.o(.text)
    mpu_load_firmware                        0x0800767b   Thumb Code   192  inv_mpu.o(.text)
    mpu_get_dmp_state                        0x0800773b   Thumb Code    14  inv_mpu.o(.text)
    mpu_get_compass_reg                      0x08007749   Thumb Code     8  inv_mpu.o(.text)
    mpu_get_compass_fsr                      0x08007751   Thumb Code     8  inv_mpu.o(.text)
    mpu_lp_motion_interrupt                  0x08007759   Thumb Code   512  inv_mpu.o(.text)
    dmp_load_motion_driver_firmware          0x0800795d   Thumb Code    20  inv_mpu_dmp_motion_driver.o(.text)
    dmp_set_orientation                      0x08007971   Thumb Code   290  inv_mpu_dmp_motion_driver.o(.text)
    dmp_set_gyro_bias                        0x08007a93   Thumb Code   294  inv_mpu_dmp_motion_driver.o(.text)
    dmp_set_accel_bias                       0x08007bb9   Thumb Code   300  inv_mpu_dmp_motion_driver.o(.text)
    dmp_set_fifo_rate                        0x08007ce5   Thumb Code   136  inv_mpu_dmp_motion_driver.o(.text)
    dmp_get_fifo_rate                        0x08007d6d   Thumb Code    12  inv_mpu_dmp_motion_driver.o(.text)
    dmp_set_tap_thresh                       0x08007d79   Thumb Code   396  inv_mpu_dmp_motion_driver.o(.text)
    dmp_set_tap_axes                         0x08007f05   Thumb Code    70  inv_mpu_dmp_motion_driver.o(.text)
    dmp_set_tap_count                        0x08007f4b   Thumb Code    38  inv_mpu_dmp_motion_driver.o(.text)
    dmp_set_tap_time                         0x08007f71   Thumb Code    38  inv_mpu_dmp_motion_driver.o(.text)
    dmp_set_tap_time_multi                   0x08007f97   Thumb Code    38  inv_mpu_dmp_motion_driver.o(.text)
    dmp_set_shake_reject_thresh              0x08007fbd   Thumb Code    56  inv_mpu_dmp_motion_driver.o(.text)
    dmp_set_shake_reject_time                0x08007ff5   Thumb Code    38  inv_mpu_dmp_motion_driver.o(.text)
    dmp_set_shake_reject_timeout             0x0800801b   Thumb Code    38  inv_mpu_dmp_motion_driver.o(.text)
    dmp_get_pedometer_step_count             0x08008041   Thumb Code    66  inv_mpu_dmp_motion_driver.o(.text)
    dmp_set_pedometer_step_count             0x08008083   Thumb Code    42  inv_mpu_dmp_motion_driver.o(.text)
    dmp_get_pedometer_walk_time              0x080080ad   Thumb Code    72  inv_mpu_dmp_motion_driver.o(.text)
    dmp_set_pedometer_walk_time              0x080080f5   Thumb Code    48  inv_mpu_dmp_motion_driver.o(.text)
    dmp_enable_6x_lp_quat                    0x08008125   Thumb Code    84  inv_mpu_dmp_motion_driver.o(.text)
    dmp_enable_lp_quat                       0x08008179   Thumb Code    60  inv_mpu_dmp_motion_driver.o(.text)
    dmp_enable_gyro_cal                      0x080081b5   Thumb Code    62  inv_mpu_dmp_motion_driver.o(.text)
    dmp_enable_feature                       0x080081f3   Thumb Code   530  inv_mpu_dmp_motion_driver.o(.text)
    dmp_get_enabled_features                 0x08008405   Thumb Code    12  inv_mpu_dmp_motion_driver.o(.text)
    dmp_set_interrupt_mode                   0x0800846f   Thumb Code    66  inv_mpu_dmp_motion_driver.o(.text)
    dmp_read_fifo                            0x080084b1   Thumb Code   514  inv_mpu_dmp_motion_driver.o(.text)
    dmp_register_tap_cb                      0x080086b3   Thumb Code    10  inv_mpu_dmp_motion_driver.o(.text)
    dmp_register_android_orient_cb           0x080086bd   Thumb Code    10  inv_mpu_dmp_motion_driver.o(.text)
    MPU6050_newValues                        0x080087d9   Thumb Code   494  mpu6050.o(.text)
    MPU6050_setClockSource                   0x080089c7   Thumb Code    20  mpu6050.o(.text)
    MPU6050_setFullScaleGyroRange            0x080089db   Thumb Code    20  mpu6050.o(.text)
    MPU6050_setFullScaleAccelRange           0x080089ef   Thumb Code    20  mpu6050.o(.text)
    MPU6050_setSleepEnabled                  0x08008a03   Thumb Code    18  mpu6050.o(.text)
    MPU6050_getDeviceID                      0x08008a15   Thumb Code    20  mpu6050.o(.text)
    MPU6050_testConnection                   0x08008a29   Thumb Code    18  mpu6050.o(.text)
    MPU6050_setI2CMasterModeEnabled          0x08008a3b   Thumb Code    18  mpu6050.o(.text)
    MPU6050_setI2CBypassEnabled              0x08008a4d   Thumb Code    18  mpu6050.o(.text)
    MPU6050_initialize                       0x08008a5f   Thumb Code    40  mpu6050.o(.text)
    DMP_Init                                 0x08008a87   Thumb Code   194  mpu6050.o(.text)
    Read_DMP                                 0x08008b49   Thumb Code   966  mpu6050.o(.text)
    Read_Temperature                         0x08008f0f   Thumb Code   110  mpu6050.o(.text)
    oled_show                                0x08008fad   Thumb Code   144  show.o(.text)
    APP_Show                                 0x0800903d   Thumb Code   284  show.o(.text)
    DataScope                                0x08009159   Thumb Code   142  show.o(.text)
    OLED_DrawPoint_Shu                       0x080091e7   Thumb Code    60  show.o(.text)
    oled_show_once                           0x08009223   Thumb Code    74  show.o(.text)
    Float2Byte                               0x080093c9   Thumb Code    28  datascope_dp.o(.text)
    DataScope_Get_Channel_Data               0x080093e5   Thumb Code   158  datascope_dp.o(.text)
    DataScope_Data_Generate                  0x08009483   Thumb Code   148  datascope_dp.o(.text)
    __use_no_semihosting                     0x0800951d   Thumb Code     2  use_no_semi_2.o(.text)
    __aeabi_ldivmod                          0x0800951f   Thumb Code     0  llsdiv.o(.text)
    _ll_sdiv                                 0x0800951f   Thumb Code    72  llsdiv.o(.text)
    __c89vsnprintf                           0x08009569   Thumb Code    48  c89vsnprintf.o(.text)
    __2printf                                0x0800959d   Thumb Code    20  __2printf.o(.text)
    __2sprintf                               0x080095b5   Thumb Code    38  __2sprintf.o(.text)
    _printf_int_dec                          0x080095e1   Thumb Code   104  _printf_dec.o(.text)
    __printf                                 0x08009659   Thumb Code   388  __printf_flags_ss_wp.o(.text)
    memcmp                                   0x080097e1   Thumb Code    88  memcmp.o(.text)
    __aeabi_memset                           0x08009839   Thumb Code    16  aeabi_memset.o(.text)
    __use_two_region_memory                  0x08009849   Thumb Code     2  heapauxi.o(.text)
    __rt_heap_escrow$2region                 0x0800984b   Thumb Code     2  heapauxi.o(.text)
    __rt_heap_expand$2region                 0x0800984d   Thumb Code     2  heapauxi.o(.text)
    __I$use$semihosting                      0x0800984f   Thumb Code     0  use_no_semi.o(.text)
    __use_no_semihosting_swi                 0x0800984f   Thumb Code     2  use_no_semi.o(.text)
    __aeabi_uldivmod                         0x08009851   Thumb Code     0  lludivv7m.o(.text)
    _ll_udiv                                 0x08009851   Thumb Code   238  lludivv7m.o(.text)
    __read_errno                             0x0800993f   Thumb Code    10  _rserrno.o(.text)
    __set_errno                              0x08009949   Thumb Code    12  _rserrno.o(.text)
    _printf_pre_padding                      0x08009955   Thumb Code    44  _printf_pad.o(.text)
    _printf_post_padding                     0x08009981   Thumb Code    34  _printf_pad.o(.text)
    _printf_truncate_signed                  0x080099a3   Thumb Code    18  _printf_truncate.o(.text)
    _printf_truncate_unsigned                0x080099b5   Thumb Code    18  _printf_truncate.o(.text)
    _printf_str                              0x080099c7   Thumb Code    82  _printf_str.o(.text)
    _printf_int_common                       0x08009a19   Thumb Code   178  _printf_intcommon.o(.text)
    _printf_charcount                        0x08009acb   Thumb Code    40  _printf_charcount.o(.text)
    _printf_char_common                      0x08009aff   Thumb Code    32  _printf_char_common.o(.text)
    _sputc                                   0x08009b25   Thumb Code    10  _sputc.o(.text)
    _snputc                                  0x08009b2f   Thumb Code    16  _snputc.o(.text)
    _printf_char_file                        0x08009b41   Thumb Code    32  _printf_char_file.o(.text)
    _printf_wctomb                           0x08009b65   Thumb Code   182  _printf_wctomb.o(.text)
    _printf_longlong_dec                     0x08009c21   Thumb Code   108  _printf_longlong_dec.o(.text)
    _printf_longlong_oct                     0x08009c9d   Thumb Code    66  _printf_oct_int_ll.o(.text)
    _printf_int_oct                          0x08009cdf   Thumb Code    24  _printf_oct_int_ll.o(.text)
    _printf_ll_oct                           0x08009cf7   Thumb Code    12  _printf_oct_int_ll.o(.text)
    _printf_longlong_hex                     0x08009d0d   Thumb Code    86  _printf_hex_int_ll_ptr.o(.text)
    _printf_int_hex                          0x08009d63   Thumb Code    28  _printf_hex_int_ll_ptr.o(.text)
    _printf_ll_hex                           0x08009d7f   Thumb Code    12  _printf_hex_int_ll_ptr.o(.text)
    _printf_hex_ptr                          0x08009d8b   Thumb Code    18  _printf_hex_int_ll_ptr.o(.text)
    __aeabi_memclr                           0x08009da1   Thumb Code     0  rt_memclr.o(.text)
    __rt_memclr                              0x08009da1   Thumb Code    68  rt_memclr.o(.text)
    _memset                                  0x08009da5   Thumb Code     0  rt_memclr.o(.text)
    __aeabi_errno_addr                       0x08009de5   Thumb Code     8  rt_errno_addr_intlibspace.o(.text)
    __errno$intlibspace                      0x08009de5   Thumb Code     0  rt_errno_addr_intlibspace.o(.text)
    __rt_errno_addr$intlibspace              0x08009de5   Thumb Code     0  rt_errno_addr_intlibspace.o(.text)
    _ll_udiv10                               0x08009ded   Thumb Code   138  lludiv10.o(.text)
    __lib_sel_fp_printf                      0x08009e77   Thumb Code     2  _printf_fp_dec.o(.text)
    _printf_fp_dec_real                      0x0800a029   Thumb Code   620  _printf_fp_dec.o(.text)
    _printf_cs_common                        0x0800a295   Thumb Code    20  _printf_char.o(.text)
    _printf_char                             0x0800a2a9   Thumb Code    16  _printf_char.o(.text)
    _printf_string                           0x0800a2b9   Thumb Code     8  _printf_char.o(.text)
    _printf_lcs_common                       0x0800a2c1   Thumb Code    20  _printf_wchar.o(.text)
    _printf_wchar                            0x0800a2d5   Thumb Code    16  _printf_wchar.o(.text)
    _printf_wstring                          0x0800a2e5   Thumb Code     8  _printf_wchar.o(.text)
    ferror                                   0x0800a2ed   Thumb Code     8  ferror.o(.text)
    _wcrtomb                                 0x0800a2f5   Thumb Code    64  _wcrtomb.o(.text)
    __aeabi_memclr4                          0x0800a335   Thumb Code     0  rt_memclr_w.o(.text)
    __aeabi_memclr8                          0x0800a335   Thumb Code     0  rt_memclr_w.o(.text)
    __rt_memclr_w                            0x0800a335   Thumb Code    78  rt_memclr_w.o(.text)
    _memset_w                                0x0800a339   Thumb Code     0  rt_memclr_w.o(.text)
    __user_libspace                          0x0800a385   Thumb Code     8  libspace.o(.text)
    __user_perproc_libspace                  0x0800a385   Thumb Code     0  libspace.o(.text)
    __user_perthread_libspace                0x0800a385   Thumb Code     0  libspace.o(.text)
    __user_setup_stackheap                   0x0800a38d   Thumb Code    74  sys_stackheap_outer.o(.text)
    __rt_ctype_table                         0x0800a3d9   Thumb Code    16  rt_ctype_table.o(.text)
    __rt_locale                              0x0800a3e9   Thumb Code     8  rt_locale_intlibspace.o(.text)
    _printf_fp_infnan                        0x0800a3f1   Thumb Code   112  _printf_fp_infnan.o(.text)
    _btod_etento                             0x0800a471   Thumb Code   224  bigflt0.o(.text)
    exit                                     0x0800a555   Thumb Code    18  exit.o(.text)
    strcmp                                   0x0800a569   Thumb Code   128  strcmpv7m.o(.text)
    _btod_d2e                                0x0800a5e9   Thumb Code    62  btod.o(CL$$btod_d2e)
    _d2e_denorm_low                          0x0800a627   Thumb Code    70  btod.o(CL$$btod_d2e_denorm_low)
    _d2e_norm_op1                            0x0800a66d   Thumb Code    96  btod.o(CL$$btod_d2e_norm_op1)
    __btod_div_common                        0x0800a6cd   Thumb Code   696  btod.o(CL$$btod_div_common)
    _e2e                                     0x0800aa05   Thumb Code   220  btod.o(CL$$btod_e2e)
    _btod_ediv                               0x0800aae1   Thumb Code    42  btod.o(CL$$btod_ediv)
    _btod_emul                               0x0800ab0b   Thumb Code    42  btod.o(CL$$btod_emul)
    __btod_mult_common                       0x0800ab35   Thumb Code   580  btod.o(CL$$btod_mult_common)
    __ARM_fpclassify                         0x0800ad79   Thumb Code    40  fpclassify.o(i.__ARM_fpclassify)
    __kernel_poly                            0x0800ada1   Thumb Code   170  poly.o(i.__kernel_poly)
    __mathlib_dbl_infnan                     0x0800ae4b   Thumb Code     6  dunder.o(i.__mathlib_dbl_infnan)
    __mathlib_dbl_infnan2                    0x0800ae51   Thumb Code     4  dunder.o(i.__mathlib_dbl_infnan2)
    __mathlib_dbl_invalid                    0x0800ae55   Thumb Code    12  dunder.o(i.__mathlib_dbl_invalid)
    __mathlib_dbl_underflow                  0x0800ae61   Thumb Code    10  dunder.o(i.__mathlib_dbl_underflow)
    _is_digit                                0x0800ae71   Thumb Code    14  __printf_wp.o(i._is_digit)
    asin                                     0x0800ae81   Thumb Code   572  asin.o(i.asin)
    atan                                     0x0800b0f1   Thumb Code   474  atan.o(i.atan)
    atan2                                    0x0800b311   Thumb Code   374  atan2.o(i.atan2)
    sqrt                                     0x0800b4ad   Thumb Code    76  sqrt.o(i.sqrt)
    _get_lc_numeric                          0x0800b4f9   Thumb Code    44  lc_numeric_c.o(locale$$code)
    _get_lc_ctype                            0x0800b525   Thumb Code    44  lc_ctype_c.o(locale$$code)
    __aeabi_d2f                              0x0800b551   Thumb Code     0  d2f.o(x$fpl$d2f)
    _d2f                                     0x0800b551   Thumb Code    98  d2f.o(x$fpl$d2f)
    __aeabi_dadd                             0x0800b5b5   Thumb Code     0  daddsub_clz.o(x$fpl$dadd)
    _dadd                                    0x0800b5b5   Thumb Code   332  daddsub_clz.o(x$fpl$dadd)
    __fpl_dcheck_NaN1                        0x0800b705   Thumb Code    10  dcheck1.o(x$fpl$dcheck1)
    __fpl_dcmp_Inf                           0x0800b715   Thumb Code    24  dcmpi.o(x$fpl$dcmpinf)
    __aeabi_ddiv                             0x0800b72d   Thumb Code     0  ddiv.o(x$fpl$ddiv)
    _ddiv                                    0x0800b72d   Thumb Code   552  ddiv.o(x$fpl$ddiv)
    __aeabi_cdcmpeq                          0x0800b9dd   Thumb Code     0  deqf.o(x$fpl$deqf)
    _dcmpeq                                  0x0800b9dd   Thumb Code   120  deqf.o(x$fpl$deqf)
    __aeabi_d2iz                             0x0800ba55   Thumb Code     0  dfix.o(x$fpl$dfix)
    _dfix                                    0x0800ba55   Thumb Code    94  dfix.o(x$fpl$dfix)
    __aeabi_i2d                              0x0800bab3   Thumb Code     0  dflt_clz.o(x$fpl$dflt)
    _dflt                                    0x0800bab3   Thumb Code    46  dflt_clz.o(x$fpl$dflt)
    __aeabi_ui2d                             0x0800bae1   Thumb Code     0  dflt_clz.o(x$fpl$dfltu)
    _dfltu                                   0x0800bae1   Thumb Code    38  dflt_clz.o(x$fpl$dfltu)
    __aeabi_cdcmple                          0x0800bb09   Thumb Code     0  dleqf.o(x$fpl$dleqf)
    _dcmple                                  0x0800bb09   Thumb Code   120  dleqf.o(x$fpl$dleqf)
    __fpl_dcmple_InfNaN                      0x0800bb6b   Thumb Code     0  dleqf.o(x$fpl$dleqf)
    __aeabi_dmul                             0x0800bb81   Thumb Code     0  dmul.o(x$fpl$dmul)
    _dmul                                    0x0800bb81   Thumb Code   332  dmul.o(x$fpl$dmul)
    __fpl_dnaninf                            0x0800bcd5   Thumb Code   156  dnaninf.o(x$fpl$dnaninf)
    __fpl_dretinf                            0x0800bd71   Thumb Code    12  dretinf.o(x$fpl$dretinf)
    __aeabi_cdrcmple                         0x0800bd7d   Thumb Code     0  drleqf.o(x$fpl$drleqf)
    _drcmple                                 0x0800bd7d   Thumb Code   108  drleqf.o(x$fpl$drleqf)
    __aeabi_drsub                            0x0800bde9   Thumb Code     0  daddsub_clz.o(x$fpl$drsb)
    _drsb                                    0x0800bde9   Thumb Code    22  daddsub_clz.o(x$fpl$drsb)
    _dsqrt                                   0x0800be01   Thumb Code   456  dsqrt_noumaal.o(x$fpl$dsqrt)
    __aeabi_dsub                             0x0800bfcd   Thumb Code     0  daddsub_clz.o(x$fpl$dsub)
    _dsub                                    0x0800bfcd   Thumb Code   464  daddsub_clz.o(x$fpl$dsub)
    __aeabi_f2d                              0x0800c1a1   Thumb Code     0  f2d.o(x$fpl$f2d)
    _f2d                                     0x0800c1a1   Thumb Code    86  f2d.o(x$fpl$f2d)
    __aeabi_fadd                             0x0800c1f9   Thumb Code     0  faddsub_clz.o(x$fpl$fadd)
    _fadd                                    0x0800c1f9   Thumb Code   196  faddsub_clz.o(x$fpl$fadd)
    __fpl_fcmp_Inf                           0x0800c2bd   Thumb Code    24  fcmpi.o(x$fpl$fcmpinf)
    __aeabi_fdiv                             0x0800c2d5   Thumb Code     0  fdiv.o(x$fpl$fdiv)
    _fdiv                                    0x0800c2d5   Thumb Code   384  fdiv.o(x$fpl$fdiv)
    __aeabi_cfcmpeq                          0x0800c459   Thumb Code     0  feqf.o(x$fpl$feqf)
    _fcmpeq                                  0x0800c459   Thumb Code   104  feqf.o(x$fpl$feqf)
    __aeabi_f2iz                             0x0800c4c1   Thumb Code     0  ffix.o(x$fpl$ffix)
    _ffix                                    0x0800c4c1   Thumb Code    54  ffix.o(x$fpl$ffix)
    __aeabi_f2uiz                            0x0800c4f9   Thumb Code     0  ffixu.o(x$fpl$ffixu)
    _ffixu                                   0x0800c4f9   Thumb Code    62  ffixu.o(x$fpl$ffixu)
    __aeabi_i2f                              0x0800c539   Thumb Code     0  fflt_clz.o(x$fpl$fflt)
    _fflt                                    0x0800c539   Thumb Code    48  fflt_clz.o(x$fpl$fflt)
    __aeabi_ui2f                             0x0800c569   Thumb Code     0  fflt_clz.o(x$fpl$ffltu)
    _ffltu                                   0x0800c569   Thumb Code    38  fflt_clz.o(x$fpl$ffltu)
    __aeabi_cfcmple                          0x0800c591   Thumb Code     0  fleqf.o(x$fpl$fleqf)
    _fcmple                                  0x0800c591   Thumb Code   104  fleqf.o(x$fpl$fleqf)
    __fpl_fcmple_InfNaN                      0x0800c5e3   Thumb Code     0  fleqf.o(x$fpl$fleqf)
    __aeabi_fmul                             0x0800c5f9   Thumb Code     0  fmul.o(x$fpl$fmul)
    _fmul                                    0x0800c5f9   Thumb Code   258  fmul.o(x$fpl$fmul)
    __fpl_fnaninf                            0x0800c6fb   Thumb Code   140  fnaninf.o(x$fpl$fnaninf)
    __fpl_fretinf                            0x0800c787   Thumb Code    10  fretinf.o(x$fpl$fretinf)
    __aeabi_cfrcmple                         0x0800c791   Thumb Code     0  frleqf.o(x$fpl$frleqf)
    _frcmple                                 0x0800c791   Thumb Code    98  frleqf.o(x$fpl$frleqf)
    __aeabi_fsub                             0x0800c7f5   Thumb Code     0  faddsub_clz.o(x$fpl$fsub)
    _fsub                                    0x0800c7f5   Thumb Code   234  faddsub_clz.o(x$fpl$fsub)
    _printf_fp_dec                           0x0800c8df   Thumb Code     4  printf1.o(x$fpl$printf1)
    __fpl_return_NaN                         0x0800c8e3   Thumb Code   100  retnan.o(x$fpl$retnan)
    __ARM_scalbn                             0x0800c947   Thumb Code    92  scalbn.o(x$fpl$scalbn)
    __fpl_cmpreturn                          0x0800c9a3   Thumb Code    48  trapv.o(x$fpl$trapveneer)
    __I$use$fp                               0x0800c9d2   Number         0  usenofp.o(x$fpl$usenofp)
    oled_asc2_1206                           0x0800c9d2   Data        1140  oled.o(.constdata)
    oled_asc2_1608                           0x0800ce46   Data        1520  oled.o(.constdata)
    hw                                       0x0800d438   Data          12  inv_mpu.o(.constdata)
    reg                                      0x0800d444   Data          27  inv_mpu.o(.constdata)
    test                                     0x0800d460   Data          40  inv_mpu.o(.constdata)
    __mathlib_zero                           0x0800e1a8   Data           8  qnan.o(.constdata)
    Region$$Table$$Base                      0x0800e294   Number         0  anon$$obj.o(Region$$Table)
    Region$$Table$$Limit                     0x0800e2b4   Number         0  anon$$obj.o(Region$$Table)
    __ctype                                  0x0800e2dd   Data           0  lc_ctype_c.o(locale$$data)
    Flag_Left                                0x20000000   Data           1  main.o(.data)
    Flag_Right                               0x20000001   Data           1  main.o(.data)
    Flag_Direction                           0x20000002   Data           1  main.o(.data)
    Flag_Stop                                0x20000003   Data           1  main.o(.data)
    Flag_Show                                0x20000004   Data           1  main.o(.data)
    Encoder_A                                0x20000008   Data           4  main.o(.data)
    Encoder_B                                0x2000000c   Data           4  main.o(.data)
    Encoder_C                                0x20000010   Data           4  main.o(.data)
    Encoder_D                                0x20000014   Data           4  main.o(.data)
    Position_A                               0x20000018   Data           4  main.o(.data)
    Position_B                               0x2000001c   Data           4  main.o(.data)
    Position_C                               0x20000020   Data           4  main.o(.data)
    Position_D                               0x20000024   Data           4  main.o(.data)
    Rate_A                                   0x20000028   Data           4  main.o(.data)
    Rate_B                                   0x2000002c   Data           4  main.o(.data)
    Rate_C                                   0x20000030   Data           4  main.o(.data)
    Rate_D                                   0x20000034   Data           4  main.o(.data)
    Encoder_A_EXTI                           0x20000038   Data           4  main.o(.data)
    Motor_A                                  0x2000003c   Data           4  main.o(.data)
    Motor_B                                  0x20000040   Data           4  main.o(.data)
    Motor_C                                  0x20000044   Data           4  main.o(.data)
    Motor_D                                  0x20000048   Data           4  main.o(.data)
    Target_A                                 0x2000004c   Data           4  main.o(.data)
    Target_B                                 0x20000050   Data           4  main.o(.data)
    Target_C                                 0x20000054   Data           4  main.o(.data)
    Target_D                                 0x20000058   Data           4  main.o(.data)
    Voltage                                  0x2000005c   Data           4  main.o(.data)
    Show_Data_Mb                             0x20000060   Data           4  main.o(.data)
    delay_50                                 0x20000064   Data           1  main.o(.data)
    delay_flag                               0x20000065   Data           1  main.o(.data)
    Run_Flag                                 0x20000066   Data           1  main.o(.data)
    Flag_Way                                 0x20000067   Data           1  main.o(.data)
    Flag_Next                                0x20000068   Data           1  main.o(.data)
    rxbuf                                    0x20000069   Data           8  main.o(.data)
    Urxbuf                                   0x20000071   Data           8  main.o(.data)
    CAN_ON_Flag                              0x20000079   Data           1  main.o(.data)
    Usart_ON_Flag1                           0x2000007a   Data           1  main.o(.data)
    Usart_ON_Flag3                           0x2000007b   Data           1  main.o(.data)
    PS2_ON_Flag                              0x2000007c   Data           1  main.o(.data)
    Remote_ON_Flag                           0x2000007d   Data           1  main.o(.data)
    Usart_Flag                               0x2000007e   Data           1  main.o(.data)
    APP_ON_Flag                              0x2000007f   Data           1  main.o(.data)
    PID_Send                                 0x20000080   Data           1  main.o(.data)
    Flash_Send                               0x20000081   Data           1  main.o(.data)
    Pitch                                    0x20000084   Data           4  main.o(.data)
    Roll                                     0x20000088   Data           4  main.o(.data)
    Yaw                                      0x2000008c   Data           4  main.o(.data)
    Move_X                                   0x20000090   Data           4  main.o(.data)
    Move_Y                                   0x20000094   Data           4  main.o(.data)
    Move_Z                                   0x20000098   Data           4  main.o(.data)
    Position_KP                              0x2000009c   Data           4  main.o(.data)
    Position_KI                              0x200000a0   Data           4  main.o(.data)
    Position_KD                              0x200000a4   Data           4  main.o(.data)
    Velocity_KP                              0x200000a8   Data           4  main.o(.data)
    Velocity_KI                              0x200000ac   Data           4  main.o(.data)
    RC_Velocity                              0x200000b0   Data           4  main.o(.data)
    RC_Position                              0x200000b4   Data           4  main.o(.data)
    PS2_LX                                   0x200000b8   Data           4  main.o(.data)
    PS2_LY                                   0x200000bc   Data           4  main.o(.data)
    PS2_RX                                   0x200000c0   Data           4  main.o(.data)
    PS2_RY                                   0x200000c4   Data           4  main.o(.data)
    PS2_KEY                                  0x200000c8   Data           4  main.o(.data)
    onthe_chalu                              0x200000cc   Data           1  main.o(.data)
    chalu_flag                               0x200000cd   Data           1  main.o(.data)
    road_detch                               0x200000ce   Data           1  main.o(.data)
    SystemCoreClock                          0x200000d0   Data           4  system_stm32f10x.o(.data)
    AHBPrescTable                            0x200000d4   Data          16  system_stm32f10x.o(.data)
    __stdout                                 0x200000fc   Data           4  usart.o(.data)
    Usart_Receive                            0x20000100   Data           4  usart.o(.data)
    a                                        0x20000104   Data           1  usart.o(.data)
    num                                      0x20000106   Data           2  usart.o(.data)
    openmvstate                              0x20000108   Data           1  usart.o(.data)
    dataform                                 0x20000109   Data           1  usart.o(.data)
    update                                   0x2000010a   Data           1  usart.o(.data)
    blueupdate                               0x2000010b   Data           1  usart.o(.data)
    paperupdate                              0x2000010c   Data           1  usart.o(.data)
    error_num                                0x20000110   Data           4  usart.o(.data)
    turnleft_flag                            0x20000114   Data           1  usart.o(.data)
    turnright_flag                           0x20000115   Data           1  usart.o(.data)
    stop_flag                                0x20000116   Data           1  usart.o(.data)
    x_point                                  0x20000117   Data           2  usart.o(.data)
    y_point                                  0x20000119   Data           2  usart.o(.data)
    x_locate                                 0x2000011c   Data           2  usart.o(.data)
    y_locate                                 0x2000011e   Data           2  usart.o(.data)
    x_location                               0x20000120   Data           4  usart.o(.data)
    y_location                               0x20000124   Data           4  usart.o(.data)
    fpga_done                                0x20000128   Data           1  usart.o(.data)
    cache                                    0x20000129   Data           1  usart.o(.data)
    CircleX                                  0x2000012a   Data           1  usart.o(.data)
    CircleY                                  0x2000012b   Data           1  usart.o(.data)
    RectsX                                   0x2000012c   Data           1  usart.o(.data)
    RectsY                                   0x2000012d   Data           1  usart.o(.data)
    YellowX                                  0x2000012e   Data           1  usart.o(.data)
    YellowY                                  0x2000012f   Data           1  usart.o(.data)
    WhiteX                                   0x20000130   Data           1  usart.o(.data)
    WhiteY                                   0x20000131   Data           1  usart.o(.data)
    BlueX                                    0x20000132   Data           1  usart.o(.data)
    BlueY                                    0x20000133   Data           1  usart.o(.data)
    ok                                       0x20000134   Data           1  usart.o(.data)
    s                                        0x20000154   Data           4  encoder.o(.data)
    DMA1_MEM_LEN                             0x20000158   Data           2  dma.o(.data)
    DMA1_MEM_LEN2                            0x2000015a   Data           2  dma.o(.data)
    DMA1_MEM_LEN3                            0x2000015c   Data           2  dma.o(.data)
    MaxError                                 0x20000160   Data           2  line.o(.data)
    MinError                                 0x20000162   Data           2  line.o(.data)
    error                                    0x20000164   Data           4  line.o(.data)
    P                                        0x20000168   Data           4  line.o(.data)
    I                                        0x2000016c   Data           4  line.o(.data)
    D                                        0x20000170   Data           4  line.o(.data)
    Flag_Target                              0x20000184   Data           1  control.o(.data)
    Flag_Change                              0x20000185   Data           1  control.o(.data)
    temp1                                    0x20000186   Data           1  control.o(.data)
    Voltage_Count                            0x20000188   Data           4  control.o(.data)
    Voltage_All                              0x2000018c   Data           4  control.o(.data)
    Gyro_K                                   0x20000190   Data           4  control.o(.data)
    j                                        0x20000194   Data           4  control.o(.data)
    sum                                      0x20000198   Data           4  control.o(.data)
    road_num                                 0x2000019c   Data           4  control.o(.data)
    road_num_2                               0x200001a0   Data           4  control.o(.data)
    road_num_3                               0x200001a4   Data           4  control.o(.data)
    turnleft_true_flag                       0x200001a8   Data           1  control.o(.data)
    Gameover                                 0x200001a9   Data           1  control.o(.data)
    gyro                                     0x20000208   Data           6  mpu6050.o(.data)
    accel                                    0x2000020e   Data           6  mpu6050.o(.data)
    sensors                                  0x20000214   Data           2  mpu6050.o(.data)
    q0                                       0x20000218   Data           4  mpu6050.o(.data)
    q1                                       0x2000021c   Data           4  mpu6050.o(.data)
    q2                                       0x20000220   Data           4  mpu6050.o(.data)
    q3                                       0x20000224   Data           4  mpu6050.o(.data)
    Gx_offset                                0x20000232   Data           2  mpu6050.o(.data)
    Gy_offset                                0x20000234   Data           2  mpu6050.o(.data)
    Gz_offset                                0x20000236   Data           2  mpu6050.o(.data)
    i                                        0x20000238   Data           1  show.o(.data)
    Send_Count                               0x20000239   Data           1  show.o(.data)
    Vol                                      0x2000023c   Data           4  show.o(.data)
    t2xbuf                                   0x20000244   Data         129  main.o(.bss)
    t3xbuf                                   0x200002c5   Data          21  main.o(.bss)
    SENT                                     0x200002da   Data          17  main.o(.bss)
    PID_Parameter                            0x200002ec   Data          20  main.o(.bss)
    Flash_Parameter                          0x20000300   Data          20  main.o(.bss)
    openmvdata                               0x20000314   Data         128  usart.o(.bss)
    OLED_GRAM                                0x20000394   Data        1024  oled.o(.bss)
    DMA_InitStructure                        0x20000794   Data          44  dma.o(.bss)
    temp_data                                0x200007c0   Data          20  line.o(.bss)
    buffer                                   0x200007e4   Data          14  mpu6050.o(.bss)
    MPU6050_FIFO                             0x200007f2   Data         132  mpu6050.o(.bss)
    DataScope_OutPut_Buffer                  0x20000876   Data          42  datascope_dp.o(.bss)
    __libspace_start                         0x200008a0   Data          96  libspace.o(.bss)
    __temporary_stack_top$libspace           0x20000900   Data           0  libspace.o(.bss)



==============================================================================

Memory Map of the image

  Image Entry point : 0x08000131

  Load Region LR_IROM1 (Base: 0x08000000, Size: 0x0000e624, Max: 0x00040000, ABSOLUTE, COMPRESSED[0x0000e438])

    Execution Region ER_IROM1 (Exec base: 0x08000000, Load base: 0x08000000, Size: 0x0000e3e0, Max: 0x00040000, ABSOLUTE)

    Exec Addr    Load Addr    Size         Type   Attr      Idx    E Section Name        Object

    0x08000000   0x08000000   0x00000130   Data   RO          251    RESET               startup_stm32f10x_hd.o
    0x08000130   0x08000130   0x00000008   Code   RO         1035  * !!!main             c_w.l(__main.o)
    0x08000138   0x08000138   0x00000034   Code   RO         1493    !!!scatter          c_w.l(__scatter.o)
    0x0800016c   0x0800016c   0x0000005a   Code   RO         1491    !!dczerorl2         c_w.l(__dczerorl2.o)
    0x080001c6   0x080001c6   0x00000002   PAD
    0x080001c8   0x080001c8   0x0000001c   Code   RO         1495    !!handler_zi        c_w.l(__scatter_zi.o)
    0x080001e4   0x080001e4   0x00000000   Code   RO         1028    .ARM.Collect$$_printf_percent$$00000000  c_w.l(_printf_percent.o)
    0x080001e4   0x080001e4   0x00000006   Code   RO         1176    .ARM.Collect$$_printf_percent$$00000001  c_w.l(_printf_n.o)
    0x080001ea   0x080001ea   0x00000006   Code   RO         1178    .ARM.Collect$$_printf_percent$$00000002  c_w.l(_printf_p.o)
    0x080001f0   0x080001f0   0x00000006   Code   RO         1182    .ARM.Collect$$_printf_percent$$00000003  c_w.l(_printf_f.o)
    0x080001f6   0x080001f6   0x00000006   Code   RO         1183    .ARM.Collect$$_printf_percent$$00000004  c_w.l(_printf_e.o)
    0x080001fc   0x080001fc   0x00000006   Code   RO         1184    .ARM.Collect$$_printf_percent$$00000005  c_w.l(_printf_g.o)
    0x08000202   0x08000202   0x00000006   Code   RO         1185    .ARM.Collect$$_printf_percent$$00000006  c_w.l(_printf_a.o)
    0x08000208   0x08000208   0x0000000a   Code   RO         1190    .ARM.Collect$$_printf_percent$$00000007  c_w.l(_printf_ll.o)
    0x08000212   0x08000212   0x00000006   Code   RO         1180    .ARM.Collect$$_printf_percent$$00000008  c_w.l(_printf_i.o)
    0x08000218   0x08000218   0x00000006   Code   RO         1027    .ARM.Collect$$_printf_percent$$00000009  c_w.l(_printf_d.o)
    0x0800021e   0x0800021e   0x00000006   Code   RO         1181    .ARM.Collect$$_printf_percent$$0000000A  c_w.l(_printf_u.o)
    0x08000224   0x08000224   0x00000006   Code   RO         1179    .ARM.Collect$$_printf_percent$$0000000B  c_w.l(_printf_o.o)
    0x0800022a   0x0800022a   0x00000006   Code   RO         1177    .ARM.Collect$$_printf_percent$$0000000C  c_w.l(_printf_x.o)
    0x08000230   0x08000230   0x00000006   Code   RO         1187    .ARM.Collect$$_printf_percent$$0000000D  c_w.l(_printf_lli.o)
    0x08000236   0x08000236   0x00000006   Code   RO         1188    .ARM.Collect$$_printf_percent$$0000000E  c_w.l(_printf_lld.o)
    0x0800023c   0x0800023c   0x00000006   Code   RO         1189    .ARM.Collect$$_printf_percent$$0000000F  c_w.l(_printf_llu.o)
    0x08000242   0x08000242   0x00000006   Code   RO         1194    .ARM.Collect$$_printf_percent$$00000010  c_w.l(_printf_llo.o)
    0x08000248   0x08000248   0x00000006   Code   RO         1195    .ARM.Collect$$_printf_percent$$00000011  c_w.l(_printf_llx.o)
    0x0800024e   0x0800024e   0x0000000a   Code   RO         1191    .ARM.Collect$$_printf_percent$$00000012  c_w.l(_printf_l.o)
    0x08000258   0x08000258   0x00000006   Code   RO         1174    .ARM.Collect$$_printf_percent$$00000013  c_w.l(_printf_c.o)
    0x0800025e   0x0800025e   0x00000006   Code   RO         1175    .ARM.Collect$$_printf_percent$$00000014  c_w.l(_printf_s.o)
    0x08000264   0x08000264   0x00000006   Code   RO         1192    .ARM.Collect$$_printf_percent$$00000015  c_w.l(_printf_lc.o)
    0x0800026a   0x0800026a   0x00000006   Code   RO         1193    .ARM.Collect$$_printf_percent$$00000016  c_w.l(_printf_ls.o)
    0x08000270   0x08000270   0x00000004   Code   RO         1186    .ARM.Collect$$_printf_percent$$00000017  c_w.l(_printf_percent_end.o)
    0x08000274   0x08000274   0x00000002   Code   RO         1351    .ARM.Collect$$libinit$$00000000  c_w.l(libinit.o)
    0x08000276   0x08000276   0x00000000   Code   RO         1368    .ARM.Collect$$libinit$$00000002  c_w.l(libinit2.o)
    0x08000276   0x08000276   0x00000000   Code   RO         1370    .ARM.Collect$$libinit$$00000004  c_w.l(libinit2.o)
    0x08000276   0x08000276   0x00000000   Code   RO         1373    .ARM.Collect$$libinit$$0000000A  c_w.l(libinit2.o)
    0x08000276   0x08000276   0x00000000   Code   RO         1375    .ARM.Collect$$libinit$$0000000C  c_w.l(libinit2.o)
    0x08000276   0x08000276   0x00000000   Code   RO         1377    .ARM.Collect$$libinit$$0000000E  c_w.l(libinit2.o)
    0x08000276   0x08000276   0x00000006   Code   RO         1378    .ARM.Collect$$libinit$$0000000F  c_w.l(libinit2.o)
    0x0800027c   0x0800027c   0x00000000   Code   RO         1380    .ARM.Collect$$libinit$$00000011  c_w.l(libinit2.o)
    0x0800027c   0x0800027c   0x0000000c   Code   RO         1381    .ARM.Collect$$libinit$$00000012  c_w.l(libinit2.o)
    0x08000288   0x08000288   0x00000000   Code   RO         1382    .ARM.Collect$$libinit$$00000013  c_w.l(libinit2.o)
    0x08000288   0x08000288   0x00000000   Code   RO         1384    .ARM.Collect$$libinit$$00000015  c_w.l(libinit2.o)
    0x08000288   0x08000288   0x0000000a   Code   RO         1385    .ARM.Collect$$libinit$$00000016  c_w.l(libinit2.o)
    0x08000292   0x08000292   0x00000000   Code   RO         1386    .ARM.Collect$$libinit$$00000017  c_w.l(libinit2.o)
    0x08000292   0x08000292   0x00000000   Code   RO         1388    .ARM.Collect$$libinit$$00000019  c_w.l(libinit2.o)
    0x08000292   0x08000292   0x00000000   Code   RO         1390    .ARM.Collect$$libinit$$0000001B  c_w.l(libinit2.o)
    0x08000292   0x08000292   0x00000000   Code   RO         1392    .ARM.Collect$$libinit$$0000001D  c_w.l(libinit2.o)
    0x08000292   0x08000292   0x00000000   Code   RO         1394    .ARM.Collect$$libinit$$0000001F  c_w.l(libinit2.o)
    0x08000292   0x08000292   0x00000000   Code   RO         1396    .ARM.Collect$$libinit$$00000021  c_w.l(libinit2.o)
    0x08000292   0x08000292   0x00000000   Code   RO         1398    .ARM.Collect$$libinit$$00000023  c_w.l(libinit2.o)
    0x08000292   0x08000292   0x00000000   Code   RO         1400    .ARM.Collect$$libinit$$00000025  c_w.l(libinit2.o)
    0x08000292   0x08000292   0x00000000   Code   RO         1404    .ARM.Collect$$libinit$$0000002C  c_w.l(libinit2.o)
    0x08000292   0x08000292   0x00000000   Code   RO         1406    .ARM.Collect$$libinit$$0000002E  c_w.l(libinit2.o)
    0x08000292   0x08000292   0x00000000   Code   RO         1408    .ARM.Collect$$libinit$$00000030  c_w.l(libinit2.o)
    0x08000292   0x08000292   0x00000000   Code   RO         1410    .ARM.Collect$$libinit$$00000032  c_w.l(libinit2.o)
    0x08000292   0x08000292   0x00000002   Code   RO         1411    .ARM.Collect$$libinit$$00000033  c_w.l(libinit2.o)
    0x08000294   0x08000294   0x00000002   Code   RO         1441    .ARM.Collect$$libshutdown$$00000000  c_w.l(libshutdown.o)
    0x08000296   0x08000296   0x00000000   Code   RO         1455    .ARM.Collect$$libshutdown$$00000002  c_w.l(libshutdown2.o)
    0x08000296   0x08000296   0x00000000   Code   RO         1457    .ARM.Collect$$libshutdown$$00000004  c_w.l(libshutdown2.o)
    0x08000296   0x08000296   0x00000000   Code   RO         1459    .ARM.Collect$$libshutdown$$00000006  c_w.l(libshutdown2.o)
    0x08000296   0x08000296   0x00000000   Code   RO         1462    .ARM.Collect$$libshutdown$$00000009  c_w.l(libshutdown2.o)
    0x08000296   0x08000296   0x00000000   Code   RO         1465    .ARM.Collect$$libshutdown$$0000000C  c_w.l(libshutdown2.o)
    0x08000296   0x08000296   0x00000000   Code   RO         1467    .ARM.Collect$$libshutdown$$0000000E  c_w.l(libshutdown2.o)
    0x08000296   0x08000296   0x00000000   Code   RO         1470    .ARM.Collect$$libshutdown$$00000011  c_w.l(libshutdown2.o)
    0x08000296   0x08000296   0x00000002   Code   RO         1471    .ARM.Collect$$libshutdown$$00000012  c_w.l(libshutdown2.o)
    0x08000298   0x08000298   0x00000000   Code   RO         1119    .ARM.Collect$$rtentry$$00000000  c_w.l(__rtentry.o)
    0x08000298   0x08000298   0x00000000   Code   RO         1255    .ARM.Collect$$rtentry$$00000002  c_w.l(__rtentry2.o)
    0x08000298   0x08000298   0x00000006   Code   RO         1267    .ARM.Collect$$rtentry$$00000004  c_w.l(__rtentry4.o)
    0x0800029e   0x0800029e   0x00000000   Code   RO         1257    .ARM.Collect$$rtentry$$00000009  c_w.l(__rtentry2.o)
    0x0800029e   0x0800029e   0x00000004   Code   RO         1258    .ARM.Collect$$rtentry$$0000000A  c_w.l(__rtentry2.o)
    0x080002a2   0x080002a2   0x00000000   Code   RO         1260    .ARM.Collect$$rtentry$$0000000C  c_w.l(__rtentry2.o)
    0x080002a2   0x080002a2   0x00000008   Code   RO         1261    .ARM.Collect$$rtentry$$0000000D  c_w.l(__rtentry2.o)
    0x080002aa   0x080002aa   0x00000002   Code   RO         1356    .ARM.Collect$$rtexit$$00000000  c_w.l(rtexit.o)
    0x080002ac   0x080002ac   0x00000000   Code   RO         1415    .ARM.Collect$$rtexit$$00000002  c_w.l(rtexit2.o)
    0x080002ac   0x080002ac   0x00000004   Code   RO         1416    .ARM.Collect$$rtexit$$00000003  c_w.l(rtexit2.o)
    0x080002b0   0x080002b0   0x00000006   Code   RO         1417    .ARM.Collect$$rtexit$$00000004  c_w.l(rtexit2.o)
    0x080002b6   0x080002b6   0x00000002   PAD
    0x080002b8   0x080002b8   0x0000000c   Code   RO          617    .emb_text           sys.o
    0x080002c4   0x080002c4   0x00000174   Code   RO            1    .text               main.o
    0x08000438   0x08000438   0x0000001a   Code   RO          205    .text               stm32f10x_it.o
    0x08000452   0x08000452   0x00000002   PAD
    0x08000454   0x08000454   0x000001e0   Code   RO          220    .text               system_stm32f10x.o
    0x08000634   0x08000634   0x00000040   Code   RO          252    .text               startup_stm32f10x_hd.o
    0x08000674   0x08000674   0x000000dc   Code   RO          256    .text               misc.o
    0x08000750   0x08000750   0x0000044e   Code   RO          294    .text               stm32f10x_adc.o
    0x08000b9e   0x08000b9e   0x00000002   PAD
    0x08000ba0   0x08000ba0   0x000000c4   Code   RO          306    .text               stm32f10x_bkp.o
    0x08000c64   0x08000c64   0x00000254   Code   RO          378    .text               stm32f10x_dma.o
    0x08000eb8   0x08000eb8   0x0000011c   Code   RO          390    .text               stm32f10x_exti.o
    0x08000fd4   0x08000fd4   0x0000035c   Code   RO          426    .text               stm32f10x_gpio.o
    0x08001330   0x08001330   0x000000cc   Code   RO          462    .text               stm32f10x_pwr.o
    0x080013fc   0x080013fc   0x000003a4   Code   RO          474    .text               stm32f10x_rcc.o
    0x080017a0   0x080017a0   0x00000e1a   Code   RO          524    .text               stm32f10x_tim.o
    0x080025ba   0x080025ba   0x00000002   PAD
    0x080025bc   0x080025bc   0x00000408   Code   RO          536    .text               stm32f10x_usart.o
    0x080029c4   0x080029c4   0x000000d4   Code   RO          560    .text               delay.o
    0x08002a98   0x08002a98   0x00000be8   Code   RO          594    .text               usart.o
    0x08003680   0x08003680   0x000002bc   Code   RO          618    .text               sys.o
    0x0800393c   0x0800393c   0x000000c4   Code   RO          633    .text               led.o
    0x08003a00   0x08003a00   0x00000280   Code   RO          646    .text               key.o
    0x08003c80   0x08003c80   0x0000042e   Code   RO          659    .text               oled.o
    0x080040ae   0x080040ae   0x00000002   PAD
    0x080040b0   0x080040b0   0x00000128   Code   RO          678    .text               adc.o
    0x080041d8   0x080041d8   0x00000110   Code   RO          690    .text               motor.o
    0x080042e8   0x080042e8   0x00000424   Code   RO          702    .text               encoder.o
    0x0800470c   0x0800470c   0x00000526   Code   RO          720    .text               ioi2c.o
    0x08004c32   0x08004c32   0x00000002   PAD
    0x08004c34   0x08004c34   0x00000070   Code   RO          732    .text               exti.o
    0x08004ca4   0x08004ca4   0x000000ec   Code   RO          747    .text               usartx.o
    0x08004d90   0x08004d90   0x000001ec   Code   RO          786    .text               dma.o
    0x08004f7c   0x08004f7c   0x00000408   Code   RO          809    .text               line.o
    0x08005384   0x08005384   0x00000748   Code   RO          847    .text               control.o
    0x08005acc   0x08005acc   0x00001e90   Code   RO          867    .text               inv_mpu.o
    0x0800795c   0x0800795c   0x00000d70   Code   RO          891    .text               inv_mpu_dmp_motion_driver.o
    0x080086cc   0x080086cc   0x000008e0   Code   RO          925    .text               mpu6050.o
    0x08008fac   0x08008fac   0x0000041c   Code   RO          953    .text               show.o
    0x080093c8   0x080093c8   0x00000154   Code   RO          969    .text               datascope_dp.o
    0x0800951c   0x0800951c   0x00000002   Code   RO          989    .text               c_w.l(use_no_semi_2.o)
    0x0800951e   0x0800951e   0x00000048   Code   RO          991    .text               c_w.l(llsdiv.o)
    0x08009566   0x08009566   0x00000002   PAD
    0x08009568   0x08009568   0x00000034   Code   RO          993    .text               c_w.l(c89vsnprintf.o)
    0x0800959c   0x0800959c   0x00000018   Code   RO          995    .text               c_w.l(__2printf.o)
    0x080095b4   0x080095b4   0x0000002c   Code   RO          997    .text               c_w.l(__2sprintf.o)
    0x080095e0   0x080095e0   0x00000078   Code   RO         1005    .text               c_w.l(_printf_dec.o)
    0x08009658   0x08009658   0x00000188   Code   RO         1024    .text               c_w.l(__printf_flags_ss_wp.o)
    0x080097e0   0x080097e0   0x00000058   Code   RO         1029    .text               c_w.l(memcmp.o)
    0x08009838   0x08009838   0x00000010   Code   RO         1031    .text               c_w.l(aeabi_memset.o)
    0x08009848   0x08009848   0x00000006   Code   RO         1033    .text               c_w.l(heapauxi.o)
    0x0800984e   0x0800984e   0x00000002   Code   RO         1117    .text               c_w.l(use_no_semi.o)
    0x08009850   0x08009850   0x000000ee   Code   RO         1120    .text               c_w.l(lludivv7m.o)
    0x0800993e   0x0800993e   0x00000016   Code   RO         1122    .text               c_w.l(_rserrno.o)
    0x08009954   0x08009954   0x0000004e   Code   RO         1124    .text               c_w.l(_printf_pad.o)
    0x080099a2   0x080099a2   0x00000024   Code   RO         1126    .text               c_w.l(_printf_truncate.o)
    0x080099c6   0x080099c6   0x00000052   Code   RO         1128    .text               c_w.l(_printf_str.o)
    0x08009a18   0x08009a18   0x000000b2   Code   RO         1130    .text               c_w.l(_printf_intcommon.o)
    0x08009aca   0x08009aca   0x00000028   Code   RO         1132    .text               c_w.l(_printf_charcount.o)
    0x08009af2   0x08009af2   0x00000002   PAD
    0x08009af4   0x08009af4   0x00000030   Code   RO         1134    .text               c_w.l(_printf_char_common.o)
    0x08009b24   0x08009b24   0x0000000a   Code   RO         1136    .text               c_w.l(_sputc.o)
    0x08009b2e   0x08009b2e   0x00000010   Code   RO         1138    .text               c_w.l(_snputc.o)
    0x08009b3e   0x08009b3e   0x00000002   PAD
    0x08009b40   0x08009b40   0x00000024   Code   RO         1140    .text               c_w.l(_printf_char_file.o)
    0x08009b64   0x08009b64   0x000000bc   Code   RO         1142    .text               c_w.l(_printf_wctomb.o)
    0x08009c20   0x08009c20   0x0000007c   Code   RO         1145    .text               c_w.l(_printf_longlong_dec.o)
    0x08009c9c   0x08009c9c   0x00000070   Code   RO         1151    .text               c_w.l(_printf_oct_int_ll.o)
    0x08009d0c   0x08009d0c   0x00000094   Code   RO         1171    .text               c_w.l(_printf_hex_int_ll_ptr.o)
    0x08009da0   0x08009da0   0x00000044   Code   RO         1196    .text               c_w.l(rt_memclr.o)
    0x08009de4   0x08009de4   0x00000008   Code   RO         1276    .text               c_w.l(rt_errno_addr_intlibspace.o)
    0x08009dec   0x08009dec   0x0000008a   Code   RO         1278    .text               c_w.l(lludiv10.o)
    0x08009e76   0x08009e76   0x0000041e   Code   RO         1280    .text               c_w.l(_printf_fp_dec.o)
    0x0800a294   0x0800a294   0x0000002c   Code   RO         1284    .text               c_w.l(_printf_char.o)
    0x0800a2c0   0x0800a2c0   0x0000002c   Code   RO         1286    .text               c_w.l(_printf_wchar.o)
    0x0800a2ec   0x0800a2ec   0x00000008   Code   RO         1288    .text               c_w.l(ferror.o)
    0x0800a2f4   0x0800a2f4   0x00000040   Code   RO         1292    .text               c_w.l(_wcrtomb.o)
    0x0800a334   0x0800a334   0x0000004e   Code   RO         1294    .text               c_w.l(rt_memclr_w.o)
    0x0800a382   0x0800a382   0x00000002   PAD
    0x0800a384   0x0800a384   0x00000008   Code   RO         1300    .text               c_w.l(libspace.o)
    0x0800a38c   0x0800a38c   0x0000004a   Code   RO         1303    .text               c_w.l(sys_stackheap_outer.o)
    0x0800a3d6   0x0800a3d6   0x00000002   PAD
    0x0800a3d8   0x0800a3d8   0x00000010   Code   RO         1305    .text               c_w.l(rt_ctype_table.o)
    0x0800a3e8   0x0800a3e8   0x00000008   Code   RO         1312    .text               c_w.l(rt_locale_intlibspace.o)
    0x0800a3f0   0x0800a3f0   0x00000080   Code   RO         1314    .text               c_w.l(_printf_fp_infnan.o)
    0x0800a470   0x0800a470   0x000000e4   Code   RO         1316    .text               c_w.l(bigflt0.o)
    0x0800a554   0x0800a554   0x00000012   Code   RO         1344    .text               c_w.l(exit.o)
    0x0800a566   0x0800a566   0x00000002   PAD
    0x0800a568   0x0800a568   0x00000080   Code   RO         1365    .text               c_w.l(strcmpv7m.o)
    0x0800a5e8   0x0800a5e8   0x0000003e   Code   RO         1319    CL$$btod_d2e        c_w.l(btod.o)
    0x0800a626   0x0800a626   0x00000046   Code   RO         1321    CL$$btod_d2e_denorm_low  c_w.l(btod.o)
    0x0800a66c   0x0800a66c   0x00000060   Code   RO         1320    CL$$btod_d2e_norm_op1  c_w.l(btod.o)
    0x0800a6cc   0x0800a6cc   0x00000338   Code   RO         1329    CL$$btod_div_common  c_w.l(btod.o)
    0x0800aa04   0x0800aa04   0x000000dc   Code   RO         1326    CL$$btod_e2e        c_w.l(btod.o)
    0x0800aae0   0x0800aae0   0x0000002a   Code   RO         1323    CL$$btod_ediv       c_w.l(btod.o)
    0x0800ab0a   0x0800ab0a   0x0000002a   Code   RO         1322    CL$$btod_emul       c_w.l(btod.o)
    0x0800ab34   0x0800ab34   0x00000244   Code   RO         1328    CL$$btod_mult_common  c_w.l(btod.o)
    0x0800ad78   0x0800ad78   0x00000028   Code   RO         1241    i.__ARM_fpclassify  m_ws.l(fpclassify.o)
    0x0800ada0   0x0800ada0   0x000000aa   Code   RO         1243    i.__kernel_poly     m_ws.l(poly.o)
    0x0800ae4a   0x0800ae4a   0x00000006   Code   RO         1228    i.__mathlib_dbl_infnan  m_ws.l(dunder.o)
    0x0800ae50   0x0800ae50   0x00000004   Code   RO         1229    i.__mathlib_dbl_infnan2  m_ws.l(dunder.o)
    0x0800ae54   0x0800ae54   0x0000000c   Code   RO         1230    i.__mathlib_dbl_invalid  m_ws.l(dunder.o)
    0x0800ae60   0x0800ae60   0x00000010   Code   RO         1233    i.__mathlib_dbl_underflow  m_ws.l(dunder.o)
    0x0800ae70   0x0800ae70   0x0000000e   Code   RO         1017    i._is_digit         c_w.l(__printf_wp.o)
    0x0800ae7e   0x0800ae7e   0x00000002   PAD
    0x0800ae80   0x0800ae80   0x00000270   Code   RO         1100    i.asin              m_ws.l(asin.o)
    0x0800b0f0   0x0800b0f0   0x00000220   Code   RO         1218    i.atan              m_ws.l(atan.o)
    0x0800b310   0x0800b310   0x0000019c   Code   RO         1110    i.atan2             m_ws.l(atan2.o)
    0x0800b4ac   0x0800b4ac   0x0000004c   Code   RO         1247    i.sqrt              m_ws.l(sqrt.o)
    0x0800b4f8   0x0800b4f8   0x0000002c   Code   RO         1342    locale$$code        c_w.l(lc_numeric_c.o)
    0x0800b524   0x0800b524   0x0000002c   Code   RO         1359    locale$$code        c_w.l(lc_ctype_c.o)
    0x0800b550   0x0800b550   0x00000062   Code   RO         1037    x$fpl$d2f           fz_ws.l(d2f.o)
    0x0800b5b2   0x0800b5b2   0x00000002   PAD
    0x0800b5b4   0x0800b5b4   0x00000150   Code   RO         1039    x$fpl$dadd          fz_ws.l(daddsub_clz.o)
    0x0800b704   0x0800b704   0x00000010   Code   RO         1296    x$fpl$dcheck1       fz_ws.l(dcheck1.o)
    0x0800b714   0x0800b714   0x00000018   Code   RO         1198    x$fpl$dcmpinf       fz_ws.l(dcmpi.o)
    0x0800b72c   0x0800b72c   0x000002b0   Code   RO         1046    x$fpl$ddiv          fz_ws.l(ddiv.o)
    0x0800b9dc   0x0800b9dc   0x00000078   Code   RO         1200    x$fpl$deqf          fz_ws.l(deqf.o)
    0x0800ba54   0x0800ba54   0x0000005e   Code   RO         1049    x$fpl$dfix          fz_ws.l(dfix.o)
    0x0800bab2   0x0800bab2   0x0000002e   Code   RO         1054    x$fpl$dflt          fz_ws.l(dflt_clz.o)
    0x0800bae0   0x0800bae0   0x00000026   Code   RO         1053    x$fpl$dfltu         fz_ws.l(dflt_clz.o)
    0x0800bb06   0x0800bb06   0x00000002   PAD
    0x0800bb08   0x0800bb08   0x00000078   Code   RO         1059    x$fpl$dleqf         fz_ws.l(dleqf.o)
    0x0800bb80   0x0800bb80   0x00000154   Code   RO         1061    x$fpl$dmul          fz_ws.l(dmul.o)
    0x0800bcd4   0x0800bcd4   0x0000009c   Code   RO         1202    x$fpl$dnaninf       fz_ws.l(dnaninf.o)
    0x0800bd70   0x0800bd70   0x0000000c   Code   RO         1204    x$fpl$dretinf       fz_ws.l(dretinf.o)
    0x0800bd7c   0x0800bd7c   0x0000006c   Code   RO         1063    x$fpl$drleqf        fz_ws.l(drleqf.o)
    0x0800bde8   0x0800bde8   0x00000016   Code   RO         1040    x$fpl$drsb          fz_ws.l(daddsub_clz.o)
    0x0800bdfe   0x0800bdfe   0x00000002   PAD
    0x0800be00   0x0800be00   0x000001cc   Code   RO         1298    x$fpl$dsqrt         fz_ws.l(dsqrt_noumaal.o)
    0x0800bfcc   0x0800bfcc   0x000001d4   Code   RO         1041    x$fpl$dsub          fz_ws.l(daddsub_clz.o)
    0x0800c1a0   0x0800c1a0   0x00000056   Code   RO         1065    x$fpl$f2d           fz_ws.l(f2d.o)
    0x0800c1f6   0x0800c1f6   0x00000002   PAD
    0x0800c1f8   0x0800c1f8   0x000000c4   Code   RO         1067    x$fpl$fadd          fz_ws.l(faddsub_clz.o)
    0x0800c2bc   0x0800c2bc   0x00000018   Code   RO         1206    x$fpl$fcmpinf       fz_ws.l(fcmpi.o)
    0x0800c2d4   0x0800c2d4   0x00000184   Code   RO         1074    x$fpl$fdiv          fz_ws.l(fdiv.o)
    0x0800c458   0x0800c458   0x00000068   Code   RO         1077    x$fpl$feqf          fz_ws.l(feqf.o)
    0x0800c4c0   0x0800c4c0   0x00000036   Code   RO         1079    x$fpl$ffix          fz_ws.l(ffix.o)
    0x0800c4f6   0x0800c4f6   0x00000002   PAD
    0x0800c4f8   0x0800c4f8   0x0000003e   Code   RO         1083    x$fpl$ffixu         fz_ws.l(ffixu.o)
    0x0800c536   0x0800c536   0x00000002   PAD
    0x0800c538   0x0800c538   0x00000030   Code   RO         1088    x$fpl$fflt          fz_ws.l(fflt_clz.o)
    0x0800c568   0x0800c568   0x00000026   Code   RO         1087    x$fpl$ffltu         fz_ws.l(fflt_clz.o)
    0x0800c58e   0x0800c58e   0x00000002   PAD
    0x0800c590   0x0800c590   0x00000068   Code   RO         1093    x$fpl$fleqf         fz_ws.l(fleqf.o)
    0x0800c5f8   0x0800c5f8   0x00000102   Code   RO         1095    x$fpl$fmul          fz_ws.l(fmul.o)
    0x0800c6fa   0x0800c6fa   0x0000008c   Code   RO         1208    x$fpl$fnaninf       fz_ws.l(fnaninf.o)
    0x0800c786   0x0800c786   0x0000000a   Code   RO         1210    x$fpl$fretinf       fz_ws.l(fretinf.o)
    0x0800c790   0x0800c790   0x00000062   Code   RO         1097    x$fpl$frleqf        fz_ws.l(frleqf.o)
    0x0800c7f2   0x0800c7f2   0x00000002   PAD
    0x0800c7f4   0x0800c7f4   0x000000ea   Code   RO         1069    x$fpl$fsub          fz_ws.l(faddsub_clz.o)
    0x0800c8de   0x0800c8de   0x00000004   Code   RO         1212    x$fpl$printf1       fz_ws.l(printf1.o)
    0x0800c8e2   0x0800c8e2   0x00000064   Code   RO         1354    x$fpl$retnan        fz_ws.l(retnan.o)
    0x0800c946   0x0800c946   0x0000005c   Code   RO         1214    x$fpl$scalbn        fz_ws.l(scalbn.o)
    0x0800c9a2   0x0800c9a2   0x00000030   Code   RO         1412    x$fpl$trapveneer    fz_ws.l(trapv.o)
    0x0800c9d2   0x0800c9d2   0x00000000   Code   RO         1216    x$fpl$usenofp       fz_ws.l(usenofp.o)
    0x0800c9d2   0x0800c9d2   0x00000a64   Data   RO          661    .constdata          oled.o
    0x0800d436   0x0800d436   0x00000002   PAD
    0x0800d438   0x0800d438   0x00000050   Data   RO          868    .constdata          inv_mpu.o
    0x0800d488   0x0800d488   0x00000bf6   Data   RO          893    .constdata          inv_mpu_dmp_motion_driver.o
    0x0800e07e   0x0800e07e   0x00000011   Data   RO         1025    .constdata          c_w.l(__printf_flags_ss_wp.o)
    0x0800e08f   0x0800e08f   0x00000001   PAD
    0x0800e090   0x0800e090   0x00000050   Data   RO         1101    .constdata          m_ws.l(asin.o)
    0x0800e0e0   0x0800e0e0   0x00000008   Data   RO         1143    .constdata          c_w.l(_printf_wctomb.o)
    0x0800e0e8   0x0800e0e8   0x00000028   Data   RO         1172    .constdata          c_w.l(_printf_hex_int_ll_ptr.o)
    0x0800e110   0x0800e110   0x00000098   Data   RO         1219    .constdata          m_ws.l(atan.o)
    0x0800e1a8   0x0800e1a8   0x00000008   Data   RO         1245    .constdata          m_ws.l(qnan.o)
    0x0800e1b0   0x0800e1b0   0x00000094   Data   RO         1317    .constdata          c_w.l(bigflt0.o)
    0x0800e244   0x0800e244   0x0000004e   Data   RO          869    .conststring        inv_mpu.o
    0x0800e292   0x0800e292   0x00000002   PAD
    0x0800e294   0x0800e294   0x00000020   Data   RO         1489    Region$$Table       anon$$obj.o
    0x0800e2b4   0x0800e2b4   0x0000001c   Data   RO         1341    locale$$data        c_w.l(lc_numeric_c.o)
    0x0800e2d0   0x0800e2d0   0x00000110   Data   RO         1358    locale$$data        c_w.l(lc_ctype_c.o)


    Execution Region RW_IRAM1 (Exec base: 0x20000000, Load base: 0x0800e3e0, Size: 0x00000f00, Max: 0x0000c000, ABSOLUTE, COMPRESSED[0x00000058])

    Exec Addr    Load Addr    Size         Type   Attr      Idx    E Section Name        Object

    0x20000000   COMPRESSED   0x000000cf   Data   RW            3    .data               main.o
    0x200000cf   COMPRESSED   0x00000001   PAD
    0x200000d0   COMPRESSED   0x00000014   Data   RW          221    .data               system_stm32f10x.o
    0x200000e4   COMPRESSED   0x00000014   Data   RW          475    .data               stm32f10x_rcc.o
    0x200000f8   COMPRESSED   0x00000004   Data   RW          561    .data               delay.o
    0x200000fc   COMPRESSED   0x00000039   Data   RW          596    .data               usart.o
    0x20000135   COMPRESSED   0x00000003   PAD
    0x20000138   COMPRESSED   0x00000004   Data   RW          634    .data               led.o
    0x2000013c   COMPRESSED   0x00000018   Data   RW          647    .data               key.o
    0x20000154   COMPRESSED   0x00000004   Data   RW          703    .data               encoder.o
    0x20000158   COMPRESSED   0x00000006   Data   RW          788    .data               dma.o
    0x2000015e   COMPRESSED   0x00000002   PAD
    0x20000160   COMPRESSED   0x00000024   Data   RW          811    .data               line.o
    0x20000184   COMPRESSED   0x00000058   Data   RW          848    .data               control.o
    0x200001dc   COMPRESSED   0x0000002c   Data   RW          870    .data               inv_mpu.o
    0x20000208   COMPRESSED   0x00000030   Data   RW          927    .data               mpu6050.o
    0x20000238   COMPRESSED   0x00000009   Data   RW          954    .data               show.o
    0x20000241   COMPRESSED   0x00000003   PAD
    0x20000244        -       0x000000d0   Zero   RW            2    .bss                main.o
    0x20000314        -       0x00000080   Zero   RW          595    .bss                usart.o
    0x20000394        -       0x00000400   Zero   RW          660    .bss                oled.o
    0x20000794        -       0x0000002c   Zero   RW          787    .bss                dma.o
    0x200007c0        -       0x00000014   Zero   RW          810    .bss                line.o
    0x200007d4        -       0x00000010   Zero   RW          892    .bss                inv_mpu_dmp_motion_driver.o
    0x200007e4        -       0x00000092   Zero   RW          926    .bss                mpu6050.o
    0x20000876        -       0x0000002a   Zero   RW          970    .bss                datascope_dp.o
    0x200008a0        -       0x00000060   Zero   RW         1301    .bss                c_w.l(libspace.o)
    0x20000900        -       0x00000200   Zero   RW          250    HEAP                startup_stm32f10x_hd.o
    0x20000b00        -       0x00000400   Zero   RW          249    STACK               startup_stm32f10x_hd.o


==============================================================================

Image component sizes


      Code (inc. data)   RO Data    RW Data    ZI Data      Debug   Object Name

       296         24          0          0          0       1405   adc.o
      1864        266          0         88          0       4533   control.o
         0          0          0          0          0         32   core_cm3.o
       340         30          0          0         42       2034   datascope_dp.o
       212         18          0          4          0       1039   delay.o
       492         24          0          6         44       3843   dma.o
      1060         34          0          4          0       3236   encoder.o
       112          6          0          0          0        640   exti.o
      7824        174        158         44          0      21623   inv_mpu.o
      3440        126       3062          0         16      15127   inv_mpu_dmp_motion_driver.o
      1318         12          0          0          0       5850   ioi2c.o
       640         72          0         24          0       1922   key.o
       196         28          0          4          0        927   led.o
      1032         72          0         36         20       2434   line.o
       372         42          0        207        208     265472   main.o
       220         22          0          0          0     217805   misc.o
       272         12          0          0          0       1014   motor.o
      2272        454          0         48        146      20851   mpu6050.o
      1070         24       2660          0       1024       4695   oled.o
      1052        348          0          9          0       1888   show.o
        64         26        304          0       1536        820   startup_stm32f10x_hd.o
      1102         26          0          0          0      11041   stm32f10x_adc.o
       196          8          0          0          0       3496   stm32f10x_bkp.o
       596          8          0          0          0       4362   stm32f10x_dma.o
       284         10          0          0          0       2255   stm32f10x_exti.o
       860         38          0          0          0       5733   stm32f10x_gpio.o
        26          0          0          0          0       1178   stm32f10x_it.o
       204         14          0          0          0       1955   stm32f10x_pwr.o
       932         36          0         20          0       8908   stm32f10x_rcc.o
      3610         88          0          0          0      22840   stm32f10x_tim.o
      1032         22          0          0          0       8456   stm32f10x_usart.o
       712         44          0          0          0       2827   sys.o
       480         38          0         20          0       1739   system_stm32f10x.o
      3048        142          0         57        128       6316   usart.o
       236         16          0          0          0        949   usartx.o

    ----------------------------------------------------------------------
     37476       2304       6220        580       3164     659245   Object Totals
         0          0         32          0          0          0   (incl. Generated)
        10          0          4          9          0          0   (incl. Padding)

    ----------------------------------------------------------------------

      Code (inc. data)   RO Data    RW Data    ZI Data      Debug   Library Member Name

        24          4          0          0          0         84   __2printf.o
        44          6          0          0          0         84   __2sprintf.o
        90          0          0          0          0          0   __dczerorl2.o
         8          0          0          0          0         68   __main.o
       392          4         17          0          0         92   __printf_flags_ss_wp.o
        14          0          0          0          0         68   __printf_wp.o
         0          0          0          0          0          0   __rtentry.o
        12          0          0          0          0          0   __rtentry2.o
         6          0          0          0          0          0   __rtentry4.o
        52          8          0          0          0          0   __scatter.o
        28          0          0          0          0          0   __scatter_zi.o
         6          0          0          0          0          0   _printf_a.o
         6          0          0          0          0          0   _printf_c.o
        44          0          0          0          0        108   _printf_char.o
        48          6          0          0          0         96   _printf_char_common.o
        36          4          0          0          0         80   _printf_char_file.o
        40          0          0          0          0         68   _printf_charcount.o
         6          0          0          0          0          0   _printf_d.o
       120         16          0          0          0         92   _printf_dec.o
         6          0          0          0          0          0   _printf_e.o
         6          0          0          0          0          0   _printf_f.o
      1054          0          0          0          0        216   _printf_fp_dec.o
       128         16          0          0          0         84   _printf_fp_infnan.o
         6          0          0          0          0          0   _printf_g.o
       148          4         40          0          0        160   _printf_hex_int_ll_ptr.o
         6          0          0          0          0          0   _printf_i.o
       178          0          0          0          0         88   _printf_intcommon.o
        10          0          0          0          0          0   _printf_l.o
         6          0          0          0          0          0   _printf_lc.o
        10          0          0          0          0          0   _printf_ll.o
         6          0          0          0          0          0   _printf_lld.o
         6          0          0          0          0          0   _printf_lli.o
         6          0          0          0          0          0   _printf_llo.o
         6          0          0          0          0          0   _printf_llu.o
         6          0          0          0          0          0   _printf_llx.o
       124         16          0          0          0         92   _printf_longlong_dec.o
         6          0          0          0          0          0   _printf_ls.o
         6          0          0          0          0          0   _printf_n.o
         6          0          0          0          0          0   _printf_o.o
       112         10          0          0          0        124   _printf_oct_int_ll.o
         6          0          0          0          0          0   _printf_p.o
        78          0          0          0          0        108   _printf_pad.o
         0          0          0          0          0          0   _printf_percent.o
         4          0          0          0          0          0   _printf_percent_end.o
         6          0          0          0          0          0   _printf_s.o
        82          0          0          0          0         80   _printf_str.o
        36          0          0          0          0         84   _printf_truncate.o
         6          0          0          0          0          0   _printf_u.o
        44          0          0          0          0        108   _printf_wchar.o
       188          6          8          0          0         92   _printf_wctomb.o
         6          0          0          0          0          0   _printf_x.o
        22          0          0          0          0        100   _rserrno.o
        16          0          0          0          0         68   _snputc.o
        10          0          0          0          0         68   _sputc.o
        64          0          0          0          0         92   _wcrtomb.o
        16          0          0          0          0         68   aeabi_memset.o
       228          4        148          0          0         96   bigflt0.o
      1936        128          0          0          0        672   btod.o
        52          4          0          0          0         80   c89vsnprintf.o
        18          0          0          0          0         80   exit.o
         8          0          0          0          0         68   ferror.o
         6          0          0          0          0        152   heapauxi.o
        44         10        272          0          0         76   lc_ctype_c.o
        44         10         28          0          0         76   lc_numeric_c.o
         2          0          0          0          0          0   libinit.o
        30          0          0          0          0          0   libinit2.o
         2          0          0          0          0          0   libshutdown.o
         2          0          0          0          0          0   libshutdown2.o
         8          4          0          0         96         68   libspace.o
        72          0          0          0          0         76   llsdiv.o
       138          0          0          0          0         80   lludiv10.o
       238          0          0          0          0        100   lludivv7m.o
        88          0          0          0          0         76   memcmp.o
        16          4          0          0          0         76   rt_ctype_table.o
         8          4          0          0          0         68   rt_errno_addr_intlibspace.o
         8          4          0          0          0         68   rt_locale_intlibspace.o
        68          0          0          0          0         68   rt_memclr.o
        78          0          0          0          0         80   rt_memclr_w.o
         2          0          0          0          0          0   rtexit.o
        10          0          0          0          0          0   rtexit2.o
       128          0          0          0          0         68   strcmpv7m.o
        74          0          0          0          0         80   sys_stackheap_outer.o
         2          0          0          0          0         68   use_no_semi.o
         2          0          0          0          0         68   use_no_semi_2.o
        98          4          0          0          0         92   d2f.o
       826         16          0          0          0        348   daddsub_clz.o
        16          4          0          0          0         68   dcheck1.o
        24          0          0          0          0         68   dcmpi.o
       688        140          0          0          0        208   ddiv.o
       120          4          0          0          0         92   deqf.o
        94          4          0          0          0         92   dfix.o
        84          0          0          0          0        136   dflt_clz.o
       120          4          0          0          0         92   dleqf.o
       340         12          0          0          0        104   dmul.o
       156          4          0          0          0         92   dnaninf.o
        12          0          0          0          0         68   dretinf.o
       108          0          0          0          0         80   drleqf.o
       460         56          0          0          0        120   dsqrt_noumaal.o
        86          4          0          0          0         84   f2d.o
       430          8          0          0          0        168   faddsub_clz.o
        24          0          0          0          0         68   fcmpi.o
       388         76          0          0          0         96   fdiv.o
       104          4          0          0          0         84   feqf.o
        54          4          0          0          0         84   ffix.o
        62          4          0          0          0         84   ffixu.o
        86          0          0          0          0        136   fflt_clz.o
       104          4          0          0          0         84   fleqf.o
       258          4          0          0          0         84   fmul.o
       140          4          0          0          0         84   fnaninf.o
        10          0          0          0          0         68   fretinf.o
        98          0          0          0          0         68   frleqf.o
         4          0          0          0          0         68   printf1.o
       100          0          0          0          0         68   retnan.o
        92          0          0          0          0         68   scalbn.o
        48          0          0          0          0         68   trapv.o
         0          0          0          0          0          0   usenofp.o
       624         52         80          0          0        168   asin.o
       544         70        152          0          0        124   atan.o
       412         38          0          0          0        144   atan2.o
        38          6          0          0          0        272   dunder.o
        40          0          0          0          0         68   fpclassify.o
       170          0          0          0          0         96   poly.o
         0          0          8          0          0          0   qnan.o
        76          0          0          0          0         84   sqrt.o

    ----------------------------------------------------------------------
     13886        798        754          0         96       8896   Library Totals
        34          0          1          0          0          0   (incl. Padding)

    ----------------------------------------------------------------------

      Code (inc. data)   RO Data    RW Data    ZI Data      Debug   Library Name

      6714        272        513          0         96       4816   c_w.l
      5234        360          0          0          0       3124   fz_ws.l
      1904        166        240          0          0        956   m_ws.l

    ----------------------------------------------------------------------
     13886        798        754          0         96       8896   Library Totals

    ----------------------------------------------------------------------

==============================================================================


      Code (inc. data)   RO Data    RW Data    ZI Data      Debug   

     51362       3102       6974        580       3260     659453   Grand Totals
     51362       3102       6974         88       3260     659453   ELF Image Totals (compressed)
     51362       3102       6974         88          0          0   ROM Totals

==============================================================================

    Total RO  Size (Code + RO Data)                58336 (  56.97kB)
    Total RW  Size (RW Data + ZI Data)              3840 (   3.75kB)
    Total ROM Size (Code + RO Data + RW Data)      58424 (  57.05kB)

==============================================================================

